// Jest Snapshot v1, https://goo.gl/fbAQLP

exports[`Navbar should hide navigation options when screen width is below 1023px 1`] = `
<div>
  <nav
    aria-label="navigation"
    class="css-5q49mi"
  >
    <div
      class="css-ov1ktg"
    >
      <div
        class="css-1mbb8hy"
      >
        <div
          class="css-1x9bva"
        >
          <button
            class="css-1r8yndd"
            type="button"
          >
            <svg>
              open-menu-icon.svg
            </svg>
          </button>
        </div>
      </div>
      <div
        class="css-1ago99h"
      >
        <nav
          class="css-1q0v0vc"
        >
          <ul
            class="css-168old1"
          >
            <li>
              <a
                class="css-vz1el3"
                href="/"
              >
                Home
              </a>
            </li>
            <li>
              <a
                class="css-vz1el3"
                href="/blocks"
              >
                Blocks
              </a>
            </li>
            <li>
              <a
                class="css-vz1el3"
                href="/peers"
              >
                Peers
              </a>
            </li>
          </ul>
        </nav>
      </div>
    </div>
  </nav>
</div>
`;
